TAP version 13

  descargables/CronBeat-808.html · ZD_M "CronBeat-8:08" · zd-mobile v4 · 4 ciclos
  keep=[seq, pads] transport=[run, rec, bpmBox, clipLed]
  tab pads (PADS) = [padOpts, padMix, padsHint]
  tab seq (SEQ) = [patbar, seqActs, tempoBox, globKnobs]
  tab fx (FX) = [fxView]
  tab smp (SAMPLE) = [editorView]
  tab song (CANCIÓN) = [songView, fileGrp]
  ciclo 1 · 1180×820 · shell=false · #zd-stage=[] · placeholders=0
  ciclo 1 · 820×1180 · shell=true · #zd-stage=[seq, pads] · placeholders=17
  4 ciclos sin cambios en el DOM · errores de consola: 0
# Subtest: zd-mobile v4 · descargables/CronBeat-808.html · 4 ciclos · tablet 1180×820 (sin shell) ↔ 820×1180 (shell)
ok 1 - zd-mobile v4 · descargables/CronBeat-808.html · 4 ciclos · tablet 1180×820 (sin shell) ↔ 820×1180 (shell)
  ---
  duration_ms: 1081.202315
  type: 'test'
  ...
  ciclo 1 · 1440×900 · shell=false · #zd-stage=[] · placeholders=0
  ciclo 1 · 390×844 · shell=true · #zd-stage=[seq, pads] · placeholders=17
  4 ciclos sin cambios en el DOM · errores de consola: 0
# Subtest: zd-mobile v4 · descargables/CronBeat-808.html · 4 ciclos · escritorio 1440×900 (sin shell) ↔ teléfono 390×844 (shell)
ok 2 - zd-mobile v4 · descargables/CronBeat-808.html · 4 ciclos · escritorio 1440×900 (sin shell) ↔ teléfono 390×844 (shell)
  ---
  duration_ms: 547.372794
  type: 'test'
  ...
  ciclo 1 · 844×390 · shell=true · #zd-stage=[seq, pads] · placeholders=17
  ciclo 1 · 390×844 · shell=true · #zd-stage=[seq, pads] · placeholders=17
  4 ciclos sin cambios en el DOM · errores de consola: 0
# Subtest: zd-mobile v4 · descargables/CronBeat-808.html · 4 ciclos · teléfono 844×390 ↔ 390×844 (shell en los dos: rotar no re-mueve nada)
ok 3 - zd-mobile v4 · descargables/CronBeat-808.html · 4 ciclos · teléfono 844×390 ↔ 390×844 (shell en los dos: rotar no re-mueve nada)
  ---
  duration_ms: 399.925488
  type: 'test'
  ...
  listener sobre seq, enganchado antes del ciclo: 1 click(s) después de volver a entrar
# Subtest: zd-mobile v4 · descargables/CronBeat-808.html · el cableado de eventos sigue vivo después de volver a entrar
ok 4 - zd-mobile v4 · descargables/CronBeat-808.html · el cableado de eventos sigue vivo después de volver a entrar
  ---
  duration_ms: 296.318608
  type: 'test'
  ...
  descartados: div#seq.sequencer (sin caja afuera)
  foco sobre div#pads.pads (pads)
  foco foco → foco → foco · scrollY 319 → (reflow: 298) → 0 en el shell → 298 al salir
# Subtest: zd-mobile v4 · descargables/CronBeat-808.html · el foco y el scroll sobreviven el ciclo
ok 5 - zd-mobile v4 · descargables/CronBeat-808.html · el foco y el scroll sobreviven el ciclo
  ---
  duration_ms: 320.515318
  type: 'test'
  ...
  antes del ciclo: #zd-stage=[zd-pwa, seq, pads]
  después de 3 ciclos: #zd-stage=[zd-pwa, seq, pads]
# Subtest: zd-mobile v4 · descargables/CronBeat-808.html · el banner de zd-pwa sigue siendo el primer hijo de \#zd-stage
ok 6 - zd-mobile v4 · descargables/CronBeat-808.html · el banner de zd-pwa sigue siendo el primer hijo de \#zd-stage
  ---
  duration_ms: 466.977382
  type: 'test'
  ...
  820×1180 · run 45×44 · rec 60×44 · zd-pwa-topbtn 44×44 · zd-tmenu 44×44
  390×844 · run 45×44 · rec 60×44 · zd-pwa-topbtn 44×44 · zd-tmenu 44×44
  844×390 · run 45×44 · rec 60×44 · zd-pwa-topbtn 44×44 · zd-tmenu 44×44
  390×844 · run 45×44 · rec 60×44 · zd-pwa-topbtn 44×44 · zd-tmenu 44×44
# Subtest: zd-mobile v4 · descargables/CronBeat-808.html · los controles de la barra superior miden ≥44 px (SPEC R1)
ok 7 - zd-mobile v4 · descargables/CronBeat-808.html · los controles de la barra superior miden ≥44 px (SPEC R1)
  ---
  duration_ms: 630.868464
  type: 'test'
  ...
1..7
# tests 7
# suites 0
# pass 7
# fail 0
# cancelled 0
# skipped 0
# todo 0
# duration_ms 3767.751926
