
────────────────────────────────────────────────────────────────────────
▶ acid-verify.test.mjs
────────────────────────────────────────────────────────────────────────
TAP version 13
  360×640 (mínimo) · shell · tabs=5 · PLAY 44px · pad 217px · barra ≥44 · sin scroll horizontal
# Subtest: Acid · 360×640 (mínimo) · layout
ok 1 - Acid · 360×640 (mínimo) · layout
  ---
  duration_ms: 790.615075
  type: 'test'
  ...
  390×844 · shell · tabs=5 · PLAY 44px · pad 421px · barra ≥44 · sin scroll horizontal
# Subtest: Acid · 390×844 · layout
ok 2 - Acid · 390×844 · layout
  ---
  duration_ms: 362.132249
  type: 'test'
  ...
  768×1024 (iPad vertical) · shell · tabs=5 · PLAY 44px · pad 586px · barra ≥44 · sin scroll horizontal
# Subtest: Acid · 768×1024 (iPad vertical) · layout
ok 3 - Acid · 768×1024 (iPad vertical) · layout
  ---
  duration_ms: 367.649804
  type: 'test'
  ...
  844×390 (landscape) · shell · tabs=5 · PLAY 44px · pad 120px · barra ≥44 · sin scroll horizontal
# Subtest: Acid · 844×390 (landscape) · layout
ok 4 - Acid · 844×390 (landscape) · layout
  ---
  duration_ms: 368.829577
  type: 'test'
  ...
  1440×900 (escritorio) · sin shell · sin scroll horizontal
# Subtest: Acid · 1440×900 (escritorio) · layout
ok 5 - Acid · 1440×900 (escritorio) · layout
  ---
  duration_ms: 374.263147
  type: 'test'
  ...
  360×640 · banner 82px, no tapa PLAY/tempo/pad, "Ahora no" lo descarta
  390×844 · banner 82px, no tapa PLAY/tempo/pad, "Ahora no" lo descarta
# Subtest: Acid · el banner de instalación no tapa PLAY ni el pad XY (360×640 y 390×844)
ok 6 - Acid · el banner de instalación no tapa PLAY ni el pad XY (360×640 y 390×844)
  ---
  duration_ms: 1375.559956
  type: 'test'
  ...
  guardado {"gate0":"tie","note1":55,"kbOct":4} → restaurado {"gate0":"tie","note1":55,"kbOct":4} (+ toast)
# Subtest: Acid · autoguardado: tocar → recargar → mismo estado
ok 7 - Acid · autoguardado: tocar → recargar → mismo estado
  ---
  duration_ms: 2429.652342
  type: 'test'
  ...
  acid-bass-20261004-1253.json 2379B (ida y vuelta ok) · acid-bass-20261004-1253.mid 163B (13 notas, sin defectos) · acid-bass-20261004-1253.wav 224616B
# Subtest: Acid · export JSON / MIDI / WAV
ok 8 - Acid · export JSON / MIDI / WAV
  ---
  duration_ms: 5351.151354
  type: 'test'
  ...
  44100 Hz · running → suspended → resume() → running · visibilitychange → running
# Subtest: Acid · audio: destrabar, sonar, suspend y resume
ok 9 - Acid · audio: destrabar, sonar, suspend y resume
  ---
  duration_ms: 2694.119391
  type: 'test'
  ...
  8 rotaciones sonando · ctx.currentTime 0.53 → 2.33 · pasos vistos 7,9,11,13,15,1,3,5
# Subtest: Acid · rotación de tablet 1180×820 ↔ 820×1180 con el instrumento sonando
ok 10 - Acid · rotación de tablet 1180×820 ↔ 820×1180 con el instrumento sonando
  ---
  duration_ms: 2724.513141
  type: 'test'
  ...
  file:// · SW no registrado · aviso local con [Abrir web] → https://zeroday-musicexploits.github.io/instruments/descargables/Acid_Bass-303.html · 0 pedidos de red
# Subtest: Acid · file://: sin service worker, sin manifest, con el aviso del archivo local
ok 11 - Acid · file://: sin service worker, sin manifest, con el aviso del archivo local
  ---
  duration_ms: 523.91927
  type: 'test'
  ...
  hosted · SW http://127.0.0.1:38207/sw.js con scope http://127.0.0.1:38207/ · manifest ../manifests/acid-bass.webmanifest
# Subtest: Acid · hosted: el service worker se registra y zd-pwa queda activo
ok 12 - Acid · hosted: el service worker se registra y zd-pwa queda activo
  ---
  duration_ms: 377.889078
  type: 'test'
  ...
  iframe · ZD.pwa inerte (active=false, 0 banner, 0 CSS) · shell=false · 0 errores
# Subtest: Acid · iframe: zd-pwa inerte, sin banner y sin errores
ok 13 - Acid · iframe: zd-pwa inerte, sin banner y sin errores
  ---
  duration_ms: 635.125419
  type: 'test'
  ...
1..13
# tests 13
# suites 0
# pass 13
# fail 0
# cancelled 0
# skipped 0
# todo 0
# duration_ms 18401.067227

────────────────────────────────────────────────────────────────────────
▶ zd-midi-order.test.mjs
────────────────────────────────────────────────────────────────────────

caso del reporte
ppq=96 bpm=120.00 track="repro" eventos=7
  orden (tick:evento): 0:on60 48:off60 48:on60 96:off60
  notas=2 [60 0→48 (48)] [60 48→96 (48)]
  off-después-de-on-en-el-mismo-tick=0 solapadas=0 colgadas=0 duración-cero=0 off-huérfanos=0

orden a igual tick (24): off → cc → bend → on

acorde repetido en el tick 48: off60 off64 off67 on67 on60 on64

recorder: notas repetidas
ppq=96 bpm=120.00 track="repetidas" eventos=11
  orden (tick:evento): 0:on60 48:off60 48:on60 96:off60 96:on60 144:off60 144:on60 192:off60
  notas=4 [60 0→48 (48)] [60 48→96 (48)] [60 96→144 (48)] [60 144→192 (48)]
  off-después-de-on-en-el-mismo-tick=0 solapadas=0 colgadas=0 duración-cero=0 off-huérfanos=0

Acid "0 ~ 0"
ppq=96 bpm=130.00 track="ZERO DAY ACID BASS-303" eventos=7
  orden (tick:evento): 0:on33 48:off33 48:on33 60:off33
  notas=2 [33 0→48 (48)] [33 48→60 (12)]
  off-después-de-on-en-el-mismo-tick=0 solapadas=0 colgadas=0 duración-cero=0 off-huérfanos=0

Acid "0a 0s 12 ~ 0a . 7s 12a 0 0s 3 . 12a 10s 7 0"
ppq=96 bpm=130.00 track="ZERO DAY ACID BASS-303" eventos=29
  orden (tick:evento): 0:on33 14:off33 24:on33 48:on45 49:off33 96:off45 96:on33 110:off33 144:on40 168:on45 169:off40 182:off45 192:on33 204:off33 216:on33 240:on36 241:off33 252:off36 288:on45 302:off45 312:on43 336:on40 337:off43 348:off40 360:on33 372:off33
  notas=13 [33 0→14 (14)] [33 24→49 (25)] [45 48→96 (48)] [33 96→110 (14)] [40 144→169 (25)] [45 168→182 (14)] [33 192→204 (12)] [33 216→241 (25)] [36 240→252 (12)] [45 288→302 (14)] [43 312→337 (25)] [40 336→348 (12)] [33 360→372 (12)]
  off-después-de-on-en-el-mismo-tick=0 solapadas=0 colgadas=0 duración-cero=0 off-huérfanos=0

Acid "0 ~ 0 ~ 0 ~ 0 ~ 0 ~ 0 ~ 0 ~ 0 ~"
ppq=96 bpm=130.00 track="ZERO DAY ACID BASS-303" eventos=19
  orden (tick:evento): 0:on33 48:off33 48:on33 96:off33 96:on33 144:off33 144:on33 192:off33 192:on33 240:off33 240:on33 288:off33 288:on33 336:off33 336:on33 384:off33
  notas=8 [33 0→48 (48)] [33 48→96 (48)] [33 96→144 (48)] [33 144→192 (48)] [33 192→240 (48)] [33 240→288 (48)] [33 288→336 (48)] [33 336→384 (48)]
  off-después-de-on-en-el-mismo-tick=0 solapadas=0 colgadas=0 duración-cero=0 off-huérfanos=0

Acid "0s 0 0s 0 0s 0 0s 0"
ppq=96 bpm=130.00 track="ZERO DAY ACID BASS-303" eventos=19
  orden (tick:evento): 0:on33 24:off33 24:on33 36:off33 48:on33 72:off33 72:on33 84:off33 96:on33 120:off33 120:on33 132:off33 144:on33 168:off33 168:on33 180:off33
  notas=8 [33 0→24 (24)] [33 24→36 (12)] [33 48→72 (24)] [33 72→84 (12)] [33 96→120 (24)] [33 120→132 (12)] [33 144→168 (24)] [33 168→180 (12)]
  off-después-de-on-en-el-mismo-tick=0 solapadas=0 colgadas=0 duración-cero=0 off-huérfanos=0

Acid "12 ~ ~ 12 . 12 12 12"
ppq=96 bpm=130.00 track="ZERO DAY ACID BASS-303" eventos=13
  orden (tick:evento): 0:on45 72:off45 72:on45 84:off45 120:on45 132:off45 144:on45 156:off45 168:on45 180:off45
  notas=5 [45 0→72 (72)] [45 72→84 (12)] [45 120→132 (12)] [45 144→156 (12)] [45 168→180 (12)]
  off-después-de-on-en-el-mismo-tick=0 solapadas=0 colgadas=0 duración-cero=0 off-huérfanos=0
TAP version 13
# Subtest: zd-midi v2 · caso del reporte: off y on de la misma altura en el tick 48
ok 1 - zd-midi v2 · caso del reporte: off y on de la misma altura en el tick 48
  ---
  duration_ms: 2.899068
  type: 'test'
  ...
# Subtest: zd-midi v2 · todos los tipos a igual tick: off → cc → bend → on
ok 2 - zd-midi v2 · todos los tipos a igual tick: off → cc → bend → on
  ---
  duration_ms: 0.970097
  type: 'test'
  ...
# Subtest: zd-midi v2 · note-off estable por altura a igual tick
ok 3 - zd-midi v2 · note-off estable por altura a igual tick
  ---
  duration_ms: 0.582948
  type: 'test'
  ...
# Subtest: zd-midi v2 · recorder(): nota repetida que cae en el mismo tick
ok 4 - zd-midi v2 · recorder(): nota repetida que cae en el mismo tick
  ---
  duration_ms: 0.74541
  type: 'test'
  ...
# Subtest: Acid Bass-303 · patrón "0 ~ 0": nota ligada que termina donde arranca otra igual
ok 5 - Acid Bass-303 · patrón "0 ~ 0": nota ligada que termina donde arranca otra igual
  ---
  duration_ms: 0.889462
  type: 'test'
  ...
# Subtest: Acid Bass-303 · patrón de fábrica y otros con alturas repetidas
ok 6 - Acid Bass-303 · patrón de fábrica y otros con alturas repetidas
  ---
  duration_ms: 2.006368
  type: 'test'
  ...
1..6
# tests 6
# suites 0
# pass 6
# fail 0
# cancelled 0
# skipped 0
# todo 0
# duration_ms 15.907943

────────────────────────────────────────────────────────────────────────
▶ zd-mobile-cycle.test.mjs
────────────────────────────────────────────────────────────────────────
TAP version 13

  descargables/Acid_Bass-303.html · ZD_M "ACID BASS-303" · zd-mobile v4 · 4 ciclos
  keep=[seqPanel, stepEditPanel, perfPanel] transport=[playBtn, .tempo-box, clipLed]
  tab seq (SEQ) = [tempoKnob, tapBtn, scope, .seq-top, kbPanel]
  tab snd (SONIDO) = [oscPanel, distPanel]
  tab filt (FILTRO) = [filtPanel, filterStatus]
  tab pat (PATRÓN) = [.gen-row, factoryBankLbl, bank]
  tab exp (EXPORT) = [ioPanel]
  ciclo 1 · 1180×820 · shell=false · #zd-stage=[] · placeholders=0
  ciclo 1 · 820×1180 · shell=true · #zd-stage=[seqPanel, stepEditPanel, perfPanel] · placeholders=19
  4 ciclos sin cambios en el DOM · errores de consola: 0
# Subtest: zd-mobile v4 · descargables/Acid_Bass-303.html · 4 ciclos · tablet 1180×820 (sin shell) ↔ 820×1180 (shell)
ok 1 - zd-mobile v4 · descargables/Acid_Bass-303.html · 4 ciclos · tablet 1180×820 (sin shell) ↔ 820×1180 (shell)
  ---
  duration_ms: 1099.980885
  type: 'test'
  ...
  ciclo 1 · 1440×900 · shell=false · #zd-stage=[] · placeholders=0
  ciclo 1 · 390×844 · shell=true · #zd-stage=[seqPanel, stepEditPanel, perfPanel] · placeholders=19
  4 ciclos sin cambios en el DOM · errores de consola: 0
# Subtest: zd-mobile v4 · descargables/Acid_Bass-303.html · 4 ciclos · escritorio 1440×900 (sin shell) ↔ teléfono 390×844 (shell)
ok 2 - zd-mobile v4 · descargables/Acid_Bass-303.html · 4 ciclos · escritorio 1440×900 (sin shell) ↔ teléfono 390×844 (shell)
  ---
  duration_ms: 549.775327
  type: 'test'
  ...
  ciclo 1 · 844×390 · shell=true · #zd-stage=[seqPanel, stepEditPanel, perfPanel] · placeholders=19
  ciclo 1 · 390×844 · shell=true · #zd-stage=[seqPanel, stepEditPanel, perfPanel] · placeholders=19
  4 ciclos sin cambios en el DOM · errores de consola: 0
# Subtest: zd-mobile v4 · descargables/Acid_Bass-303.html · 4 ciclos · teléfono 844×390 ↔ 390×844 (shell en los dos: rotar no re-mueve nada)
ok 3 - zd-mobile v4 · descargables/Acid_Bass-303.html · 4 ciclos · teléfono 844×390 ↔ 390×844 (shell en los dos: rotar no re-mueve nada)
  ---
  duration_ms: 398.58921
  type: 'test'
  ...
  listener sobre seqPanel, enganchado antes del ciclo: 1 click(s) después de volver a entrar
# Subtest: zd-mobile v4 · descargables/Acid_Bass-303.html · el cableado de eventos sigue vivo después de volver a entrar
ok 4 - zd-mobile v4 · descargables/Acid_Bass-303.html · el cableado de eventos sigue vivo después de volver a entrar
  ---
  duration_ms: 280.030691
  type: 'test'
  ...
  foco sobre section#seqPanel.panel (seqPanel)
  foco foco → foco → foco · scrollY 320 → (reflow: 417) → 0 en el shell → 417 al salir
# Subtest: zd-mobile v4 · descargables/Acid_Bass-303.html · el foco y el scroll sobreviven el ciclo
ok 5 - zd-mobile v4 · descargables/Acid_Bass-303.html · el foco y el scroll sobreviven el ciclo
  ---
  duration_ms: 309.112924
  type: 'test'
  ...
  antes del ciclo: #zd-stage=[zd-pwa, seqPanel, stepEditPanel, perfPanel]
  después de 3 ciclos: #zd-stage=[zd-pwa, seqPanel, stepEditPanel, perfPanel]
# Subtest: zd-mobile v4 · descargables/Acid_Bass-303.html · el banner de zd-pwa sigue siendo el primer hijo de \#zd-stage
ok 6 - zd-mobile v4 · descargables/Acid_Bass-303.html · el banner de zd-pwa sigue siendo el primer hijo de \#zd-stage
  ---
  duration_ms: 479.43769
  type: 'test'
  ...
  820×1180 · playBtn 76×44 · bpmInput 58×44 · zd-pwa-topbtn 44×44 · zd-tmenu 44×44
  390×844 · playBtn 76×44 · bpmInput 58×44 · zd-pwa-topbtn 44×44 · zd-tmenu 44×44
  844×390 · playBtn 76×44 · bpmInput 58×44 · zd-pwa-topbtn 44×44 · zd-tmenu 44×44
  390×844 · playBtn 76×44 · bpmInput 58×44 · zd-pwa-topbtn 44×44 · zd-tmenu 44×44
# Subtest: zd-mobile v4 · descargables/Acid_Bass-303.html · los controles de la barra superior miden ≥44 px (SPEC R1)
ok 7 - zd-mobile v4 · descargables/Acid_Bass-303.html · los controles de la barra superior miden ≥44 px (SPEC R1)
  ---
  duration_ms: 632.077329
  type: 'test'
  ...
1..7
# tests 7
# suites 0
# pass 7
# fail 0
# cancelled 0
# skipped 0
# todo 0
# duration_ms 3772.288362

OK: 3 archivos de test en verde
