TAP version 13

  descargables/Acid_Bass-303.html · ZD_M "ACID BASS-303" · zd-mobile v4 · 4 ciclos
  keep=[seqPanel, stepEditPanel, perfPanel] transport=[playBtn, .tempo-box, clipLed]
  tab seq (SEQ) = [tempoKnob, tapBtn, scope, .seq-top, kbPanel]
  tab snd (SONIDO) = [oscPanel, distPanel]
  tab filt (FILTRO) = [filtPanel, filterStatus]
  tab pat (PATRÓN) = [.gen-row, factoryBankLbl, bank]
  tab exp (EXPORT) = [ioPanel]
  ciclo 1 · 1180×820 · shell=false · #zd-stage=[] · placeholders=0
  ciclo 1 · 820×1180 · shell=true · #zd-stage=[seqPanel, stepEditPanel, perfPanel] · placeholders=19
  4 ciclos sin cambios en el DOM · errores de consola: 0
# Subtest: zd-mobile v4 · descargables/Acid_Bass-303.html · 4 ciclos · tablet 1180×820 (sin shell) ↔ 820×1180 (shell)
ok 1 - zd-mobile v4 · descargables/Acid_Bass-303.html · 4 ciclos · tablet 1180×820 (sin shell) ↔ 820×1180 (shell)
  ---
  duration_ms: 1089.674128
  type: 'test'
  ...
  ciclo 1 · 1440×900 · shell=false · #zd-stage=[] · placeholders=0
  ciclo 1 · 390×844 · shell=true · #zd-stage=[seqPanel, stepEditPanel, perfPanel] · placeholders=19
  4 ciclos sin cambios en el DOM · errores de consola: 0
# Subtest: zd-mobile v4 · descargables/Acid_Bass-303.html · 4 ciclos · escritorio 1440×900 (sin shell) ↔ teléfono 390×844 (shell)
ok 2 - zd-mobile v4 · descargables/Acid_Bass-303.html · 4 ciclos · escritorio 1440×900 (sin shell) ↔ teléfono 390×844 (shell)
  ---
  duration_ms: 552.207767
  type: 'test'
  ...
  ciclo 1 · 844×390 · shell=true · #zd-stage=[seqPanel, stepEditPanel, perfPanel] · placeholders=19
  ciclo 1 · 390×844 · shell=true · #zd-stage=[seqPanel, stepEditPanel, perfPanel] · placeholders=19
  4 ciclos sin cambios en el DOM · errores de consola: 0
# Subtest: zd-mobile v4 · descargables/Acid_Bass-303.html · 4 ciclos · teléfono 844×390 ↔ 390×844 (shell en los dos: rotar no re-mueve nada)
ok 3 - zd-mobile v4 · descargables/Acid_Bass-303.html · 4 ciclos · teléfono 844×390 ↔ 390×844 (shell en los dos: rotar no re-mueve nada)
  ---
  duration_ms: 399.994607
  type: 'test'
  ...
  listener sobre seqPanel, enganchado antes del ciclo: 1 click(s) después de volver a entrar
# Subtest: zd-mobile v4 · descargables/Acid_Bass-303.html · el cableado de eventos sigue vivo después de volver a entrar
ok 4 - zd-mobile v4 · descargables/Acid_Bass-303.html · el cableado de eventos sigue vivo después de volver a entrar
  ---
  duration_ms: 262.58895
  type: 'test'
  ...
  foco sobre section#seqPanel.panel (seqPanel)
  foco foco → foco → foco · scrollY 320 → (reflow: 417) → 0 en el shell → 417 al salir
# Subtest: zd-mobile v4 · descargables/Acid_Bass-303.html · el foco y el scroll sobreviven el ciclo
ok 5 - zd-mobile v4 · descargables/Acid_Bass-303.html · el foco y el scroll sobreviven el ciclo
  ---
  duration_ms: 301.046934
  type: 'test'
  ...
  antes del ciclo: #zd-stage=[zd-pwa, seqPanel, stepEditPanel, perfPanel]
  después de 3 ciclos: #zd-stage=[zd-pwa, seqPanel, stepEditPanel, perfPanel]
# Subtest: zd-mobile v4 · descargables/Acid_Bass-303.html · el banner de zd-pwa sigue siendo el primer hijo de \#zd-stage
ok 6 - zd-mobile v4 · descargables/Acid_Bass-303.html · el banner de zd-pwa sigue siendo el primer hijo de \#zd-stage
  ---
  duration_ms: 484.777532
  type: 'test'
  ...
  820×1180 · playBtn 76×44 · bpmInput 58×44 · zd-pwa-topbtn 44×44 · zd-tmenu 44×44
  390×844 · playBtn 76×44 · bpmInput 58×44 · zd-pwa-topbtn 44×44 · zd-tmenu 44×44
  844×390 · playBtn 76×44 · bpmInput 58×44 · zd-pwa-topbtn 44×44 · zd-tmenu 44×44
  390×844 · playBtn 76×44 · bpmInput 58×44 · zd-pwa-topbtn 44×44 · zd-tmenu 44×44
# Subtest: zd-mobile v4 · descargables/Acid_Bass-303.html · los controles de la barra superior miden ≥44 px (SPEC R1)
ok 7 - zd-mobile v4 · descargables/Acid_Bass-303.html · los controles de la barra superior miden ≥44 px (SPEC R1)
  ---
  duration_ms: 646.721243
  type: 'test'
  ...
1..7
# tests 7
# suites 0
# pass 7
# fail 0
# cancelled 0
# skipped 0
# todo 0
# duration_ms 3761.437103
