TAP version 13
  360×640 (mínimo) · shell · barra 48px · play 45×44 · recBtn 63×44 · zd-tmenu 44×44 · teclas 49×128 · tabs 54
# Subtest: Nebularp · 360×640 (mínimo) · layout
ok 1 - Nebularp · 360×640 (mínimo) · layout
  ---
  duration_ms: 861.40549
  type: 'test'
  ...
  390×844 · shell · barra 48px · play 45×44 · recBtn 63×44 · zd-tmenu 44×44 · teclas 53×201 · tabs 54
# Subtest: Nebularp · 390×844 · layout
ok 2 - Nebularp · 390×844 · layout
  ---
  duration_ms: 372.251846
  type: 'test'
  ...
  430×932 · shell · barra 48px · play 104×44 · recBtn 63×44 · zd-tmenu 44×44 · teclas 59×229 · tabs 54
# Subtest: Nebularp · 430×932 · layout
ok 3 - Nebularp · 430×932 · layout
  ---
  duration_ms: 395.691712
  type: 'test'
  ...
  768×1024 (iPad vertical) · shell · barra 48px · play 104×44 · recBtn 63×44 · zd-tmenu 44×44 · teclas 54×517 · tabs 54
# Subtest: Nebularp · 768×1024 (iPad vertical) · layout
ok 4 - Nebularp · 768×1024 (iPad vertical) · layout
  ---
  duration_ms: 425.260452
  type: 'test'
  ...
  844×390 (landscape) · shell · barra 48px · play 104×44 · recBtn 63×44 · zd-tmenu 44×44 · teclas 53×131 · tabs 54
# Subtest: Nebularp · 844×390 (landscape) · layout
ok 5 - Nebularp · 844×390 (landscape) · layout
  ---
  duration_ms: 403.019642
  type: 'test'
  ...
  1440×900 (escritorio) · sin shell · sin scroll horizontal
# Subtest: Nebularp · 1440×900 (escritorio) · layout
ok 6 - Nebularp · 1440×900 (escritorio) · layout
  ---
  duration_ms: 418.683122
  type: 'test'
  ...
  360×640 · banner 82px · no tapa PLAY/REC/latch/tap/orbit/octava/piano/tabs · teclas 87px · "Ahora no" ok
  390×844 · banner 82px · no tapa PLAY/REC/latch/tap/orbit/octava/piano/tabs · teclas 176px · "Ahora no" ok
# Subtest: Nebularp · el banner de instalación no tapa el pad (360×640 y 390×844)
ok 7 - Nebularp · el banner de instalación no tapa el pad (360×640 y 390×844)
  ---
  duration_ms: 1688.929777
  type: 'test'
  ...
  6 knobs + 3 botones cambiados · held=[C5 E5] · AudioContext al restaurar: 0 · PLAY false
# Subtest: Nebularp · autoguardado: tocar → recargar → mismo estado, sin audio
ok 8 - Nebularp · autoguardado: tocar → recargar → mismo estado, sin audio
  ---
  duration_ms: 3696.005637
  type: 'test'
  ...
  nebularp-20261004-2007.json 923B · envoltorio ok · ida y vuelta Gate/Ratchet = 150%/100% · otra app → modal "ERROR AL IMPORTAREse JSON es de otro instrumento (acid-bass-303). Abri…"
# Subtest: Nebularp · JSON: export, ida y vuelta y rechazo con mensaje
ok 9 - Nebularp · JSON: export, ida y vuelta y rechazo con mensaje
  ---
  duration_ms: 669.458172
  type: 'test'
  ...
  track: 00 90 3c 64 · 30 80 3c 00 · 00 90 3c 64 · 30 80 3c 00
# Subtest: Nebularp · zd-midi v2 embebido: off antes que on a igual tick
ok 10 - Nebularp · zd-midi v2 embebido: off antes que on a igual tick
  ---
  duration_ms: 397.685149
  type: 'test'
  ...
  ↓ Descargar MIDI (42 notas) · nebularp-20261004-2007.mid · fmt 0 · 96 ppq · 91.99998773333498 bpm · 42 notas · alturas 60,64,67,72,76,79
  repeticiones de la misma altura: 36 · hueco min 1 / max 235 ticks · defectos 0
  nebularp-20261004-2007.wav · 2 ch · 44100 Hz (ctx 44100) · 16 bit · 4.05 s · pico 0.346
# Subtest: Nebularp · REC: arpegio con gate 150 % y ratchet 100 % → MIDI sano + WAV
ok 11 - Nebularp · REC: arpegio con gate 150 % y ratchet 100 % → MIDI sano + WAV
  ---
  duration_ms: 6240.678226
  type: 'test'
  ...
  Chord 48 notas · pad 2 notas (la sostenida cierra en 166/166) · autoplay 9 notas · 0 defectos
# Subtest: Nebularp · REC: Chord, pad sostenido al cortar y autoplay → MIDI sano
ok 12 - Nebularp · REC: Chord, pad sostenido al cortar y autoplay → MIDI sano
  ---
  duration_ms: 11148.470538
  type: 'test'
  ...
  1 contexto · interactive · running · suspend → overlay → toque → running (voces 12→20→32) · visibilitychange → running · parado: overlay=false
# Subtest: Nebularp · audio: destrabar, sonar, suspend → overlay → resume
ok 13 - Nebularp · audio: destrabar, sonar, suspend → overlay → resume
  ---
  duration_ms: 4289.055946
  type: 'test'
  ...
  8 rotaciones sonando · ctx 0.73→3.59 s · voces 64 · notas en la órbita G4,C5,E5,G5,C4 · latch [C4 E4 G4]
# Subtest: Nebularp · rotación de tablet 1180×820 ↔ 820×1180 con el arpegio sonando
ok 14 - Nebularp · rotación de tablet 1180×820 ↔ 820×1180 con el arpegio sonando
  ---
  duration_ms: 4086.993267
  type: 'test'
  ...
  file:// · SW no · aviso local → https://zeroday-musicexploits.github.io/instruments/descargables/Nebularp_2035.html · 0 pedidos de red · shell=true
# Subtest: Nebularp · file://: sin SW, sin red, con el aviso del archivo local
ok 15 - Nebularp · file://: sin SW, sin red, con el aviso del archivo local
  ---
  duration_ms: 516.724824
  type: 'test'
  ...
  SW http://127.0.0.1:43749/sw.js · scope http://127.0.0.1:43749/ · ../manifests/nebularp.webmanifest · theme #070b06
# Subtest: Nebularp · hosted: SW registrado y manifest de Nebularp
ok 16 - Nebularp · hosted: SW registrado y manifest de Nebularp
  ---
  duration_ms: 374.340256
  type: 'test'
  ...
  iframe · ZD.pwa inerte · shell=true · audio running · 0 errores
# Subtest: Nebularp · iframe (360 px): zd-pwa inerte, shell activo, sin errores
ok 17 - Nebularp · iframe (360 px): zd-pwa inerte, shell activo, sin errores
  ---
  duration_ms: 1142.485877
  type: 'test'
  ...
1..17
# tests 17
# suites 0
# pass 17
# fail 0
# cancelled 0
# skipped 0
# todo 0
# duration_ms 37150.174342
