TAP version 13
  copias del logo: {"Acid_Bass-303.html":1,"CronBeat-808.html":1,"J4-Sirens_Station.html":2,"MonoMoon70.html":2,"Nebularp_2035.html":1}
# Subtest: el logo en base64 va una sola vez en cada instrumento
not ok 1 - el logo en base64 va una sola vez en cada instrumento
  ---
  duration_ms: 377.682743
  type: 'test'
  location: '<repo>/tools/tests/logo-once.test.mjs:34:1'
  failureType: 'testCodeFailure'
  error: |-
    Expected values to be strictly deep-equal:
    + actual - expected
    
      {
        'Acid_Bass-303.html': 1,
        'CronBeat-808.html': 1,
    +   'J4-Sirens_Station.html': 2,
    +   'MonoMoon70.html': 2,
    -   'J4-Sirens_Station.html': 1,
    -   'MonoMoon70.html': 1,
        'Nebularp_2035.html': 1
      }
    
  code: 'ERR_ASSERTION'
  name: 'AssertionError'
  expected:
    Acid_Bass-303.html: 1
    CronBeat-808.html: 1
    J4-Sirens_Station.html: 1
    MonoMoon70.html: 1
    Nebularp_2035.html: 1
  actual:
    Acid_Bass-303.html: 1
    CronBeat-808.html: 1
    J4-Sirens_Station.html: 2
    MonoMoon70.html: 2
    Nebularp_2035.html: 1
  operator: 'deepStrictEqual'
  stack: |-
    TestContext.<anonymous> (file://<repo>/tools/tests/logo-once.test.mjs:41:10)
    Test.runInAsyncScope (node:async_hooks:214:14)
    Test.run (node:internal/test_runner/test:1047:25)
    async startSubtestAfterBootstrap (node:internal/test_runner/harness:296:3)
  ...
  http 390×844: header ok · encendido ok · barra del shell ok
# Subtest: J4-Sirens_Station.html · http 390×844 · todos los logos se ven y usan la misma imagen
ok 2 - J4-Sirens_Station.html · http 390×844 · todos los logos se ven y usan la misma imagen
  ---
  duration_ms: 439.247221
  type: 'test'
  ...
  http 1280×860: header ok · encendido ok
# Subtest: J4-Sirens_Station.html · http 1280×860 · todos los logos se ven y usan la misma imagen
ok 3 - J4-Sirens_Station.html · http 1280×860 · todos los logos se ven y usan la misma imagen
  ---
  duration_ms: 427.515254
  type: 'test'
  ...
  file:// 390×844: header ok · encendido ok · barra del shell ok
# Subtest: J4-Sirens_Station.html · file:// 390×844 · todos los logos se ven y usan la misma imagen
ok 4 - J4-Sirens_Station.html · file:// 390×844 · todos los logos se ven y usan la misma imagen
  ---
  duration_ms: 400.097687
  type: 'test'
  ...
  http 390×844: encendido ok · header ok · barra del shell ok
# Subtest: MonoMoon70.html · http 390×844 · todos los logos se ven y usan la misma imagen
ok 5 - MonoMoon70.html · http 390×844 · todos los logos se ven y usan la misma imagen
  ---
  duration_ms: 437.20184
  type: 'test'
  ...
  http 1280×860: encendido ok · header ok
# Subtest: MonoMoon70.html · http 1280×860 · todos los logos se ven y usan la misma imagen
ok 6 - MonoMoon70.html · http 1280×860 · todos los logos se ven y usan la misma imagen
  ---
  duration_ms: 441.274296
  type: 'test'
  ...
  file:// 390×844: encendido ok · header ok · barra del shell ok
# Subtest: MonoMoon70.html · file:// 390×844 · todos los logos se ven y usan la misma imagen
ok 7 - MonoMoon70.html · file:// 390×844 · todos los logos se ven y usan la misma imagen
  ---
  duration_ms: 416.910832
  type: 'test'
  ...
1..7
# tests 7
# suites 0
# pass 6
# fail 1
# cancelled 0
# skipped 0
# todo 0
# duration_ms 2964.758137
