  J4-Sirens_Station.html:3599: // zd-rec descarta el resultado del stop() que hace al llegar al tope: el
  MonoMoon70.html:3819: // (si no, el stop() interno lo descarta — ver reports/monomoon-block-request.md)
TAP version 13
# Subtest: ningún instrumento dice que zd-rec descarta la toma del tope
not ok 1 - ningún instrumento dice que zd-rec descarta la toma del tope
  ---
  duration_ms: 14.003533
  type: 'test'
  location: '<repo>/tools/tests/zd-rec-comments.test.mjs:18:1'
  failureType: 'testCodeFailure'
  error: |-
    comentarios de zd-rec v1 que quedaron viejos
    + actual - expected
    
    + [
    +   'J4-Sirens_Station.html:3599: // zd-rec descarta el resultado del stop() que hace al llegar al tope: el',
    +   'MonoMoon70.html:3819: // (si no, el stop() interno lo descarta — ver reports/monomoon-block-request.md)'
    + ]
    - []
    
  code: 'ERR_ASSERTION'
  name: 'AssertionError'
  expected:
  actual:
    0: 'J4-Sirens_Station.html:3599: // zd-rec descarta el resultado del stop() que hace al llegar al tope: el'
    1: 'MonoMoon70.html:3819: // (si no, el stop() interno lo descarta — ver reports/monomoon-block-request.md)'
  operator: 'deepStrictEqual'
  stack: |-
    TestContext.<anonymous> (file://<repo>/tools/tests/zd-rec-comments.test.mjs:24:10)
    Test.runInAsyncScope (node:async_hooks:214:14)
    Test.run (node:internal/test_runner/test:1047:25)
    Test.start (node:internal/test_runner/test:944:17)
    startSubtestAfterBootstrap (node:internal/test_runner/harness:296:17)
  ...
1..1
# tests 1
# suites 0
# pass 0
# fail 1
# cancelled 0
# skipped 0
# todo 0
# duration_ms 20.176722
