TAP version 13
  Nebularp · worklet: tope → botón "●REC" (aria-pressed=false) · recorder idle/worklet · tarjeta "0:01.0 · 172.5 KB · 44.1 kHz · estéreo" · avisos ["Llegaste al tope de 10 minutos: la toma se cerró sola.","Toma lista · 0:01.0 · 172.5 KB"]
  Nebularp · worklet: 2ª toma a mano → "0:00.5 · 80.0 KB · 44.1 kHz · estéreo" · recorder idle
# Subtest: Nebularp (zd-rec v1) · worklet · tope forzado a 1 s: la toma no se pierde y la UI vuelve a REC
ok 1 - Nebularp (zd-rec v1) · worklet · tope forzado a 1 s: la toma no se pierde y la UI vuelve a REC
  ---
  duration_ms: 3114.404541
  type: 'test'
  ...
  Nebularp · mediarecorder: tope → botón "●REC" (aria-pressed=false) · recorder idle/mediarecorder · tarjeta "0:01.0 · 165.4 KB · 44.1 kHz · estéreo" · avisos ["Llegaste al tope de 10 minutos: la toma se cerró sola.","Toma lista · 0:01.0 · 165.4 KB"]
  Nebularp · mediarecorder: 2ª toma a mano → "0:00.4 · 72.4 KB · 44.1 kHz · estéreo" · recorder idle
# Subtest: Nebularp (zd-rec v1) · mediarecorder · tope forzado a 1 s: la toma no se pierde y la UI vuelve a REC
ok 2 - Nebularp (zd-rec v1) · mediarecorder · tope forzado a 1 s: la toma no se pierde y la UI vuelve a REC
  ---
  duration_ms: 2691.974944
  type: 'test'
  ...
  J4 · worklet: tope → botón "● REC" (aria-pressed=false) · recorder idle/worklet · tarjeta "0:01.0 · 172.5 KB · 44.1 kHz · estéreo" · avisos ["La toma llegó al tope de 10 minutos y se cerró sola.","Toma lista · 0:01.0"]
  J4 · worklet: 2ª toma a mano → "0:00.5 · 78.0 KB · 44.1 kHz · estéreo" · recorder idle
# Subtest: J4 (zd-rec v1) · worklet · tope forzado a 1 s: la toma no se pierde y la UI vuelve a REC
ok 3 - J4 (zd-rec v1) · worklet · tope forzado a 1 s: la toma no se pierde y la UI vuelve a REC
  ---
  duration_ms: 3204.609558
  type: 'test'
  ...
  J4 · mediarecorder: tope → botón "● REC" (aria-pressed=false) · recorder idle/mediarecorder · tarjeta "0:01.0 · 165.4 KB · 44.1 kHz · estéreo" · avisos ["La toma llegó al tope de 10 minutos y se cerró sola.","Toma lista · 0:01.0"]
  J4 · mediarecorder: 2ª toma a mano → "0:00.4 · 72.4 KB · 44.1 kHz · estéreo" · recorder idle
# Subtest: J4 (zd-rec v1) · mediarecorder · tope forzado a 1 s: la toma no se pierde y la UI vuelve a REC
ok 4 - J4 (zd-rec v1) · mediarecorder · tope forzado a 1 s: la toma no se pierde y la UI vuelve a REC
  ---
  duration_ms: 3243.170932
  type: 'test'
  ...
  MonoMoon · worklet: tope → botón "● REC" (aria-pressed=false) · recorder idle/worklet · tarjeta "0:01.0 · 172.5 KB · 44.1 kHz · estéreo" · avisos ["Llegaste al tope de 10 minutos: la toma se cortó ahí.","Toma lista: 0:01.0 · WAV y MIDI en PATCHES"]
  MonoMoon · worklet: 2ª toma a mano → "0:00.4 · 76.0 KB · 44.1 kHz · estéreo" · recorder idle
# Subtest: MonoMoon (zd-rec v1) · worklet · tope forzado a 1 s: la toma no se pierde y la UI vuelve a REC
ok 5 - MonoMoon (zd-rec v1) · worklet · tope forzado a 1 s: la toma no se pierde y la UI vuelve a REC
  ---
  duration_ms: 3256.780538
  type: 'test'
  ...
  MonoMoon · mediarecorder: tope → botón "● REC" (aria-pressed=false) · recorder idle/mediarecorder · tarjeta "0:01.0 · 165.4 KB · 44.1 kHz · estéreo" · avisos ["Llegaste al tope de 10 minutos: la toma se cortó ahí.","Toma lista: 0:01.0 · WAV y MIDI en PATCHES"]
  MonoMoon · mediarecorder: 2ª toma a mano → "0:00.4 · 72.4 KB · 44.1 kHz · estéreo" · recorder idle
# Subtest: MonoMoon (zd-rec v1) · mediarecorder · tope forzado a 1 s: la toma no se pierde y la UI vuelve a REC
ok 6 - MonoMoon (zd-rec v1) · mediarecorder · tope forzado a 1 s: la toma no se pierde y la UI vuelve a REC
  ---
  duration_ms: 3295.695185
  type: 'test'
  ...
1..6
# tests 6
# suites 0
# pass 6
# fail 0
# cancelled 0
# skipped 0
# todo 0
# duration_ms 18833.64857
