TAP version 13
  al enfocar: selección [4, 4] de "1400" · tipear 2500 + Enter → "14002500"
# Subtest: zd-ui v1 · ZD.modal.prompt selecciona el valor inicial: tipear 2500 sobre 1400 da 2500
not ok 1 - zd-ui v1 · ZD.modal.prompt selecciona el valor inicial: tipear 2500 sobre 1400 da 2500
  ---
  duration_ms: 507.589103
  type: 'test'
  location: '<repo>/tools/tests/zd-ui-prompt.test.mjs:59:1'
  failureType: 'testCodeFailure'
  error: |-
    el valor inicial tiene que quedar seleccionado y lo tipeado lo reemplaza
    + actual - expected
    
      {
        sel: [
    -     0,
          4,
    +     4,
          '1400'
        ],
    +   value: '14002500'
    -   value: '2500'
      }
    
  code: 'ERR_ASSERTION'
  name: 'AssertionError'
  expected:
    sel:
      0: 0
      1: 4
      2: '1400'
    value: '2500'
  actual:
    sel:
      0: 4
      1: 4
      2: '1400'
    value: '14002500'
  operator: 'deepStrictEqual'
  stack: |-
    TestContext.<anonymous> (file://<repo>/tools/tests/zd-ui-prompt.test.mjs:65:12)
    async Test.run (node:internal/test_runner/test:1054:7)
    async startSubtestAfterBootstrap (node:internal/test_runner/harness:296:3)
  ...
  Acid_Bass-303.html: selección [4, 4] · tipear 2500 + Enter → "14002500"
# Subtest: Acid_Bass-303.html (zd-ui v1) · el prompt reemplaza el valor y el instrumento no se roba las teclas
not ok 2 - Acid_Bass-303.html (zd-ui v1) · el prompt reemplaza el valor y el instrumento no se roba las teclas
  ---
  duration_ms: 495.018622
  type: 'test'
  location: '<repo>/tools/tests/zd-ui-prompt.test.mjs:82:3'
  failureType: 'testCodeFailure'
  error: |-
    Expected values to be strictly deep-equal:
    + actual - expected
    
      {
        sel: [
    -     0,
          4,
    +     4,
          '1400'
        ],
    +   value: '14002500'
    -   value: '2500'
      }
    
  code: 'ERR_ASSERTION'
  name: 'AssertionError'
  expected:
    sel:
      0: 0
      1: 4
      2: '1400'
    value: '2500'
  actual:
    sel:
      0: 4
      1: 4
      2: '1400'
    value: '14002500'
  operator: 'deepStrictEqual'
  stack: |-
    TestContext.<anonymous> (file://<repo>/tools/tests/zd-ui-prompt.test.mjs:92:14)
    async Test.run (node:internal/test_runner/test:1054:7)
    async Test.processPendingSubtests (node:internal/test_runner/test:744:7)
  ...
  CronBeat-808.html: selección [4, 4] · tipear 2500 + Enter → "14002500"
# Subtest: CronBeat-808.html (zd-ui v1) · el prompt reemplaza el valor y el instrumento no se roba las teclas
not ok 3 - CronBeat-808.html (zd-ui v1) · el prompt reemplaza el valor y el instrumento no se roba las teclas
  ---
  duration_ms: 494.707372
  type: 'test'
  location: '<repo>/tools/tests/zd-ui-prompt.test.mjs:82:3'
  failureType: 'testCodeFailure'
  error: |-
    Expected values to be strictly deep-equal:
    + actual - expected
    
      {
        sel: [
    -     0,
          4,
    +     4,
          '1400'
        ],
    +   value: '14002500'
    -   value: '2500'
      }
    
  code: 'ERR_ASSERTION'
  name: 'AssertionError'
  expected:
    sel:
      0: 0
      1: 4
      2: '1400'
    value: '2500'
  actual:
    sel:
      0: 4
      1: 4
      2: '1400'
    value: '14002500'
  operator: 'deepStrictEqual'
  stack: |-
    TestContext.<anonymous> (file://<repo>/tools/tests/zd-ui-prompt.test.mjs:92:14)
    async Test.run (node:internal/test_runner/test:1054:7)
    async Test.processPendingSubtests (node:internal/test_runner/test:744:7)
  ...
  J4-Sirens_Station.html: selección [4, 4] · tipear 2500 + Enter → "14002500"
# Subtest: J4-Sirens_Station.html (zd-ui v1) · el prompt reemplaza el valor y el instrumento no se roba las teclas
not ok 4 - J4-Sirens_Station.html (zd-ui v1) · el prompt reemplaza el valor y el instrumento no se roba las teclas
  ---
  duration_ms: 482.369389
  type: 'test'
  location: '<repo>/tools/tests/zd-ui-prompt.test.mjs:82:3'
  failureType: 'testCodeFailure'
  error: |-
    Expected values to be strictly deep-equal:
    + actual - expected
    
      {
        sel: [
    -     0,
          4,
    +     4,
          '1400'
        ],
    +   value: '14002500'
    -   value: '2500'
      }
    
  code: 'ERR_ASSERTION'
  name: 'AssertionError'
  expected:
    sel:
      0: 0
      1: 4
      2: '1400'
    value: '2500'
  actual:
    sel:
      0: 4
      1: 4
      2: '1400'
    value: '14002500'
  operator: 'deepStrictEqual'
  stack: |-
    TestContext.<anonymous> (file://<repo>/tools/tests/zd-ui-prompt.test.mjs:92:14)
    async Test.run (node:internal/test_runner/test:1054:7)
    async Test.processPendingSubtests (node:internal/test_runner/test:744:7)
  ...
  MonoMoon70.html: selección [4, 4] · tipear 2500 + Enter → "14002500"
# Subtest: MonoMoon70.html (zd-ui v1) · el prompt reemplaza el valor y el instrumento no se roba las teclas
not ok 5 - MonoMoon70.html (zd-ui v1) · el prompt reemplaza el valor y el instrumento no se roba las teclas
  ---
  duration_ms: 498.860586
  type: 'test'
  location: '<repo>/tools/tests/zd-ui-prompt.test.mjs:82:3'
  failureType: 'testCodeFailure'
  error: |-
    Expected values to be strictly deep-equal:
    + actual - expected
    
      {
        sel: [
    -     0,
          4,
    +     4,
          '1400'
        ],
    +   value: '14002500'
    -   value: '2500'
      }
    
  code: 'ERR_ASSERTION'
  name: 'AssertionError'
  expected:
    sel:
      0: 0
      1: 4
      2: '1400'
    value: '2500'
  actual:
    sel:
      0: 4
      1: 4
      2: '1400'
    value: '14002500'
  operator: 'deepStrictEqual'
  stack: |-
    TestContext.<anonymous> (file://<repo>/tools/tests/zd-ui-prompt.test.mjs:92:14)
    async Test.run (node:internal/test_runner/test:1054:7)
    async Test.processPendingSubtests (node:internal/test_runner/test:744:7)
  ...
  Nebularp_2035.html: selección [4, 4] · tipear 2500 + Enter → "14002500"
# Subtest: Nebularp_2035.html (zd-ui v1) · el prompt reemplaza el valor y el instrumento no se roba las teclas
not ok 6 - Nebularp_2035.html (zd-ui v1) · el prompt reemplaza el valor y el instrumento no se roba las teclas
  ---
  duration_ms: 525.142875
  type: 'test'
  location: '<repo>/tools/tests/zd-ui-prompt.test.mjs:82:3'
  failureType: 'testCodeFailure'
  error: |-
    Expected values to be strictly deep-equal:
    + actual - expected
    
      {
        sel: [
    -     0,
          4,
    +     4,
          '1400'
        ],
    +   value: '14002500'
    -   value: '2500'
      }
    
  code: 'ERR_ASSERTION'
  name: 'AssertionError'
  expected:
    sel:
      0: 0
      1: 4
      2: '1400'
    value: '2500'
  actual:
    sel:
      0: 4
      1: 4
      2: '1400'
    value: '14002500'
  operator: 'deepStrictEqual'
  stack: |-
    TestContext.<anonymous> (file://<repo>/tools/tests/zd-ui-prompt.test.mjs:92:14)
    async Test.run (node:internal/test_runner/test:1054:7)
    async Test.processPendingSubtests (node:internal/test_runner/test:744:7)
  ...
1..6
# tests 6
# suites 0
# pass 0
# fail 6
# cancelled 0
# skipped 0
# todo 0
# duration_ms 3033.191381
