TAP version 13
  antes: n=0 (null) · primerDestrabe: n=1 (running) · seisClicsCorriendo: n=1 (running) · dosTeclas: n=1 (running) · gestoDesdeSuspended: n=2 (running) · seisClicsMas: n=2 (running) · resumeDesdeSuspended: n=3 (running)
# Subtest: zd-audio v2 · onResumed solo en la transición a 'running', no en cada gesto
ok 1 - zd-audio v2 · onResumed solo en la transición a 'running', no en cada gesto
  ---
  duration_ms: 2844.782223
  type: 'test'
  ...
  antes: ctx=null · sample a 48000 Hz · primer gesto: ctx running a 44100 Hz, sample re-decodificado a 44100 Hz (buffer 44100 Hz), onResumed ×1 · 6 clics más: onResumed ×1
# Subtest: descargables/CronBeat-808.html (zd-audio v2) · el primer destrabe re-decodifica los samples restaurados, y los clics siguientes no llaman a onResumed
ok 2 - descargables/CronBeat-808.html (zd-audio v2) · el primer destrabe re-decodifica los samples restaurados, y los clics siguientes no llaman a onResumed
  ---
  duration_ms: 1911.954329
  type: 'test'
  ...
1..2
# tests 2
# suites 0
# pass 2
# fail 0
# cancelled 0
# skipped 0
# todo 0
# duration_ms 4778.960508
