b · atajos de teclado globales (1280×860)
  Acid · Espacio en el knob "TEMPO": play false → true · modal de valor abierto: true
  Acid · tipear "kassdf zz" en ZD.modal.prompt: el input recibe "kassdf zz" · notas disparadas por el teclado de PC: 6 · octava 2 → 0 (cada z la baja)
  CronBeat · foco en un botón (patbtn active filled) · → y Espacio: tempo 128 → 129, play false → true
  MonoMoon70.html · Espacio con foco de teclado en un botón: el botón recibe el click sí (1)
  Nebularp_2035.html · Espacio con foco de teclado en un botón: el botón recibe el click sí (1)
  J4-Sirens_Station.html · Espacio con foco de teclado en un botón: el botón recibe el click sí (1)

c · primer toque táctil sin destrabe previo (390×844, regla de activación emulada: ver arriba)
  CronBeat-808.html · tap en pad 1 (Bombo):
      934 pointerdown ctx=null
      987 start(0.000) ctx=suspended t=0.000
      988 start(0.000) ctx=suspended t=0.000
      989 pointerup ctx=suspended
      990 resume() con activación → permitido
      995 contexto running, t=0.012
  Nebularp_2035.html · tap en piano:
      958 pointerdown ctx=null
      962 start(0.000) ctx=suspended t=0.000
      962 start(0.000) ctx=suspended t=0.000
      962 start(0.000) ctx=suspended t=0.000
      962 start(0.000) ctx=suspended t=0.000
      999 start(0.000) ctx=suspended t=0.000
      999 start(0.000) ctx=suspended t=0.000
      1000 start(0.000) ctx=suspended t=0.000
      1000 start(0.000) ctx=suspended t=0.000
      1002 resume() sin activación → pendiente
      1003 start(0.010) ctx=suspended t=0.000
      1003 start(0.010) ctx=suspended t=0.000
      1003 start(0.010) ctx=suspended t=0.000
      1003 start(0.010) ctx=suspended t=0.000
      1003 resume() sin activación → pendiente
      1003 pointerup ctx=suspended
      1003 resume() con activación → permitido
      1008 contexto running, t=0.012
  Acid_Bass-303.html · tap en tecla del teclado:
      952 pointerdown ctx=null
      958 pointerup ctx=suspended
      977 Engine.triggerAmp
      después del toque: activeSemi=0 · tecla marcada .down=true
