TAP version 13

  descargables/J4-Sirens_Station.html · ZD_M "J4 Sirens Station" · zd-mobile v4 · 4 ciclos
  keep=[xypad, perfDeck] transport=[clipLed, recBtn]
  tab sir (SIRENA) = [modesPanel, oscPanel]
  tab env (ENV·LFO) = [envPanel, lfoPanel]
  tab fx (FX) = [echoPanel, revPanel, phPanel]
  tab pad (PAD) = [padTargets, strip, scopePanel]
  tab ses (SESIÓN) = [takePanel, presetPanel, footNote]
  ciclo 1 · 1180×820 · shell=false · #zd-stage=[] · placeholders=0
  ciclo 1 · 820×1180 · shell=true · #zd-stage=[xypad, perfDeck] · placeholders=17
  4 ciclos sin cambios en el DOM · errores de consola: 0
# Subtest: zd-mobile v4 · descargables/J4-Sirens_Station.html · 4 ciclos · tablet 1180×820 (sin shell) ↔ 820×1180 (shell)
ok 1 - zd-mobile v4 · descargables/J4-Sirens_Station.html · 4 ciclos · tablet 1180×820 (sin shell) ↔ 820×1180 (shell)
  ---
  duration_ms: 1782.855322
  type: 'test'
  ...
  ciclo 1 · 1440×900 · shell=false · #zd-stage=[] · placeholders=0
  ciclo 1 · 390×844 · shell=true · #zd-stage=[xypad, perfDeck] · placeholders=17
  4 ciclos sin cambios en el DOM · errores de consola: 0
# Subtest: zd-mobile v4 · descargables/J4-Sirens_Station.html · 4 ciclos · escritorio 1440×900 (sin shell) ↔ teléfono 390×844 (shell)
ok 2 - zd-mobile v4 · descargables/J4-Sirens_Station.html · 4 ciclos · escritorio 1440×900 (sin shell) ↔ teléfono 390×844 (shell)
  ---
  duration_ms: 1032.808354
  type: 'test'
  ...
  ciclo 1 · 844×390 · shell=true · #zd-stage=[xypad, perfDeck] · placeholders=17
  ciclo 1 · 390×844 · shell=true · #zd-stage=[xypad, perfDeck] · placeholders=17
  4 ciclos sin cambios en el DOM · errores de consola: 0
# Subtest: zd-mobile v4 · descargables/J4-Sirens_Station.html · 4 ciclos · teléfono 844×390 ↔ 390×844 (shell en los dos: rotar no re-mueve nada)
ok 3 - zd-mobile v4 · descargables/J4-Sirens_Station.html · 4 ciclos · teléfono 844×390 ↔ 390×844 (shell en los dos: rotar no re-mueve nada)
  ---
  duration_ms: 400.095157
  type: 'test'
  ...
  listener sobre xypad, enganchado antes del ciclo: 1 click(s) después de volver a entrar
# Subtest: zd-mobile v4 · descargables/J4-Sirens_Station.html · el cableado de eventos sigue vivo después de volver a entrar
ok 4 - zd-mobile v4 · descargables/J4-Sirens_Station.html · el cableado de eventos sigue vivo después de volver a entrar
  ---
  duration_ms: 502.53945
  type: 'test'
  ...
  foco sobre div#xypad.xypad (xypad)
  foco foco → foco → foco · scrollY 320 → (reflow: 376) → 0 en el shell → 376 al salir
# Subtest: zd-mobile v4 · descargables/J4-Sirens_Station.html · el foco y el scroll sobreviven el ciclo
ok 5 - zd-mobile v4 · descargables/J4-Sirens_Station.html · el foco y el scroll sobreviven el ciclo
  ---
  duration_ms: 548.084656
  type: 'test'
  ...
  antes del ciclo: #zd-stage=[zd-pwa, xypad, perfDeck]
  después de 3 ciclos: #zd-stage=[zd-pwa, xypad, perfDeck]
# Subtest: zd-mobile v4 · descargables/J4-Sirens_Station.html · el banner de zd-pwa sigue siendo el primer hijo de \#zd-stage
ok 6 - zd-mobile v4 · descargables/J4-Sirens_Station.html · el banner de zd-pwa sigue siendo el primer hijo de \#zd-stage
  ---
  duration_ms: 855.352877
  type: 'test'
  ...
  820×1180 · recBtn 68×44 · zd-pwa-topbtn 44×44 · zd-tmenu 44×44
  390×844 · recBtn 68×44 · zd-pwa-topbtn 44×44 · zd-tmenu 44×44
  844×390 · recBtn 68×44 · zd-pwa-topbtn 44×44 · zd-tmenu 44×44
  390×844 · recBtn 68×44 · zd-pwa-topbtn 44×44 · zd-tmenu 44×44
# Subtest: zd-mobile v4 · descargables/J4-Sirens_Station.html · los controles de la barra superior miden ≥44 px (SPEC R1)
ok 7 - zd-mobile v4 · descargables/J4-Sirens_Station.html · los controles de la barra superior miden ≥44 px (SPEC R1)
  ---
  duration_ms: 746.007397
  type: 'test'
  ...
1..7
# tests 7
# suites 0
# pass 7
# fail 0
# cancelled 0
# skipped 0
# todo 0
# duration_ms 5891.225542
