TAP version 13

  descargables/Nebularp_2035.html · ZD_M "NEBULARP 2035" · zd-mobile v4 · 4 ciclos
  keep=[.hero, .octctl, .kbwrap] transport=[play, recBtn, clipLed]
  tab esc (ESCALA) = [scalePanel]
  tab arp (ARP) = [arpPanel]
  tab son (SONIDO) = [padPanel, voicePanel, dronePanel]
  tab esp (ESPACIO) = [spacePanel, modPanel]
  tab kb (TECLADO) = [ioPanel, pcPanel, usageNote, credits]
  ciclo 1 · 1180×820 · shell=false · #zd-stage=[] · placeholders=0
  ciclo 1 · 820×1180 · shell=true · #zd-stage=[.hero, .octctl, .kbwrap] · placeholders=17
  4 ciclos sin cambios en el DOM · errores de consola: 0
# Subtest: zd-mobile v4 · descargables/Nebularp_2035.html · 4 ciclos · tablet 1180×820 (sin shell) ↔ 820×1180 (shell)
ok 1 - zd-mobile v4 · descargables/Nebularp_2035.html · 4 ciclos · tablet 1180×820 (sin shell) ↔ 820×1180 (shell)
  ---
  duration_ms: 1138.437725
  type: 'test'
  ...
  ciclo 1 · 1440×900 · shell=false · #zd-stage=[] · placeholders=0
  ciclo 1 · 390×844 · shell=true · #zd-stage=[.hero, .octctl, .kbwrap] · placeholders=17
  4 ciclos sin cambios en el DOM · errores de consola: 0
# Subtest: zd-mobile v4 · descargables/Nebularp_2035.html · 4 ciclos · escritorio 1440×900 (sin shell) ↔ teléfono 390×844 (shell)
ok 2 - zd-mobile v4 · descargables/Nebularp_2035.html · 4 ciclos · escritorio 1440×900 (sin shell) ↔ teléfono 390×844 (shell)
  ---
  duration_ms: 563.780643
  type: 'test'
  ...
  ciclo 1 · 844×390 · shell=true · #zd-stage=[.hero, .octctl, .kbwrap] · placeholders=17
  ciclo 1 · 390×844 · shell=true · #zd-stage=[.hero, .octctl, .kbwrap] · placeholders=17
  4 ciclos sin cambios en el DOM · errores de consola: 0
# Subtest: zd-mobile v4 · descargables/Nebularp_2035.html · 4 ciclos · teléfono 844×390 ↔ 390×844 (shell en los dos: rotar no re-mueve nada)
ok 3 - zd-mobile v4 · descargables/Nebularp_2035.html · 4 ciclos · teléfono 844×390 ↔ 390×844 (shell en los dos: rotar no re-mueve nada)
  ---
  duration_ms: 415.921352
  type: 'test'
  ...
  listener sobre .hero, enganchado antes del ciclo: 1 click(s) después de volver a entrar
# Subtest: zd-mobile v4 · descargables/Nebularp_2035.html · el cableado de eventos sigue vivo después de volver a entrar
ok 4 - zd-mobile v4 · descargables/Nebularp_2035.html · el cableado de eventos sigue vivo después de volver a entrar
  ---
  duration_ms: 337.530367
  type: 'test'
  ...
  descartados: section.hero (sin caja en el shell)
  foco sobre span.octctl (.octctl)
  foco foco → foco → foco · scrollY 320 → (reflow: 311) → 0 en el shell → 311 al salir
# Subtest: zd-mobile v4 · descargables/Nebularp_2035.html · el foco y el scroll sobreviven el ciclo
ok 5 - zd-mobile v4 · descargables/Nebularp_2035.html · el foco y el scroll sobreviven el ciclo
  ---
  duration_ms: 314.779541
  type: 'test'
  ...
  antes del ciclo: #zd-stage=[zd-pwa, .hero, .octctl, .kbwrap]
  después de 3 ciclos: #zd-stage=[zd-pwa, .hero, .octctl, .kbwrap]
# Subtest: zd-mobile v4 · descargables/Nebularp_2035.html · el banner de zd-pwa sigue siendo el primer hijo de \#zd-stage
ok 6 - zd-mobile v4 · descargables/Nebularp_2035.html · el banner de zd-pwa sigue siendo el primer hijo de \#zd-stage
  ---
  duration_ms: 482.993663
  type: 'test'
  ...
  820×1180 · play 104×44 · recBtn 63×44 · zd-pwa-topbtn 44×44 · zd-tmenu 44×44
  390×844 · play 45×44 · recBtn 63×44 · zd-pwa-topbtn 44×44 · zd-tmenu 44×44
  844×390 · play 104×44 · recBtn 63×44 · zd-pwa-topbtn 44×44 · zd-tmenu 44×44
  390×844 · play 45×44 · recBtn 63×44 · zd-pwa-topbtn 44×44 · zd-tmenu 44×44
# Subtest: zd-mobile v4 · descargables/Nebularp_2035.html · los controles de la barra superior miden ≥44 px (SPEC R1)
ok 7 - zd-mobile v4 · descargables/Nebularp_2035.html · los controles de la barra superior miden ≥44 px (SPEC R1)
  ---
  duration_ms: 714.411491
  type: 'test'
  ...
1..7
# tests 7
# suites 0
# pass 7
# fail 0
# cancelled 0
# skipped 0
# todo 0
# duration_ms 3994.388824
